Using pre-set license
Built from '2022.3/respin/2022.3.62f2-4af31df585-v2' branch; Version is '2022.3.62f3 (96770f904ca7) revision 9860879'; Using compiler version '192829333'; Build Type 'Release'
OS: 'Windows 11  (10.0.26200) 64bit Core' Language: 'en' Physical Memory: 65239 MB
BatchMode: 1, IsHumanControllingUs: 0, StartBugReporterOnCrash: 0, Is64bit: 1, IsPro: 1

COMMAND LINE ARGUMENTS:
C:\Program Files\Unity\Hub\Editor\2022.3.62f3\Editor\Unity.exe
-adb2
-batchMode
-noUpm
-name
AssetImportWorker2
-projectPath
C:/Users/guill/Creacion de terreno
-logFile
Logs/AssetImportWorker2.log
-srvPort
57205
Successfully changed project path to: C:/Users/guill/Creacion de terreno
C:/Users/guill/Creacion de terreno
[UnityMemory] Configuration Parameters - Can be set up in boot.config
    "memorysetup-bucket-allocator-granularity=16"
    "memorysetup-bucket-allocator-bucket-count=8"
    "memorysetup-bucket-allocator-block-size=33554432"
    "memorysetup-bucket-allocator-block-count=8"
    "memorysetup-main-allocator-block-size=16777216"
    "memorysetup-thread-allocator-block-size=16777216"
    "memorysetup-gfx-main-allocator-block-size=16777216"
    "memorysetup-gfx-thread-allocator-block-size=16777216"
    "memorysetup-cache-allocator-block-size=4194304"
    "memorysetup-typetree-allocator-block-size=2097152"
    "memorysetup-profiler-bucket-allocator-granularity=16"
    "memorysetup-profiler-bucket-allocator-bucket-count=8"
    "memorysetup-profiler-bucket-allocator-block-size=33554432"
    "memorysetup-profiler-bucket-allocator-block-count=8"
    "memorysetup-profiler-allocator-block-size=16777216"
    "memorysetup-profiler-editor-allocator-block-size=1048576"
    "memorysetup-temp-allocator-size-main=16777216"
    "memorysetup-job-temp-allocator-block-size=2097152"
    "memorysetup-job-temp-allocator-block-size-background=1048576"
    "memorysetup-job-temp-allocator-reduction-small-platforms=262144"
    "memorysetup-allocator-temp-initial-block-size-main=262144"
    "memorysetup-allocator-temp-initial-block-size-worker=262144"
    "memorysetup-temp-allocator-size-background-worker=32768"
    "memorysetup-temp-allocator-size-job-worker=262144"
    "memorysetup-temp-allocator-size-preload-manager=33554432"
    "memorysetup-temp-allocator-size-nav-mesh-worker=65536"
    "memorysetup-temp-allocator-size-audio-worker=65536"
    "memorysetup-temp-allocator-size-cloud-worker=32768"
    "memorysetup-temp-allocator-size-gi-baking-worker=262144"
    "memorysetup-temp-allocator-size-gfx=262144"
Player connection [4632]  Target information:

Player connection [4632]  * "[IP] 192.168.18.19 [Port] 0 [Flags] 2 [Guid] 1922978352 [EditorId] 1922978352 [Version] 1048832 [Id] WindowsEditor(7,MSI) [Debug] 1 [PackageName] WindowsEditor [ProjectName] Editor" 

Player connection [4632]  * "[IP] 169.254.227.35 [Port] 0 [Flags] 2 [Guid] 1922978352 [EditorId] 1922978352 [Version] 1048832 [Id] WindowsEditor(7,MSI) [Debug] 1 [PackageName] WindowsEditor [ProjectName] Editor" 

Player connection [4632]  * "[IP] 192.168.157.1 [Port] 0 [Flags] 2 [Guid] 1922978352 [EditorId] 1922978352 [Version] 1048832 [Id] WindowsEditor(7,MSI) [Debug] 1 [PackageName] WindowsEditor [ProjectName] Editor" 

Player connection [4632]  * "[IP] 172.27.16.1 [Port] 0 [Flags] 2 [Guid] 1922978352 [EditorId] 1922978352 [Version] 1048832 [Id] WindowsEditor(7,MSI) [Debug] 1 [PackageName] WindowsEditor [ProjectName] Editor" 

Player connection [4632] Host joined multi-casting on [225.0.0.222:54997]...
Player connection [4632] Host joined alternative multi-casting on [225.0.0.222:34997]...
Input System module state changed to: Initialized.
[PhysX] Initialized MultithreadedTaskDispatcher with 16 workers.
Refreshing native plugins compatible for Editor in 15.76 ms, found 4 plugins.
Preloading 0 native plugins for Editor in 0.00 ms.
Initialize engine version: 2022.3.62f3 (96770f904ca7)
[Subsystems] Discovering subsystems at path C:/Program Files/Unity/Hub/Editor/2022.3.62f3/Editor/Data/Resources/UnitySubsystems
[Subsystems] Discovering subsystems at path C:/Users/guill/Creacion de terreno/Assets
GfxDevice: creating device client; threaded=0; jobified=0
Direct3D:
    Version:  Direct3D 11.0 [level 11.1]
    Renderer: NVIDIA GeForce RTX 4060 Laptop GPU (ID=0x28a0)
    Vendor:   NVIDIA
    VRAM:     7956 MB
    Driver:   32.0.16.1088
Initialize mono
Mono path[0] = 'C:/Program Files/Unity/Hub/Editor/2022.3.62f3/Editor/Data/Managed'
Mono path[1] = 'C:/Program Files/Unity/Hub/Editor/2022.3.62f3/Editor/Data/MonoBleedingEdge/lib/mono/unityjit-win32'
Mono config path = 'C:/Program Files/Unity/Hub/Editor/2022.3.62f3/Editor/Data/MonoBleedingEdge/etc'
Using monoOptions --debugger-agent=transport=dt_socket,embedding=1,server=y,suspend=n,address=127.0.0.1:56644
Begin MonoManager ReloadAssembly
Registering precompiled unity dll's ...
Register platform support module: C:/Program Files/Unity/Hub/Editor/2022.3.62f3/Editor/Data/PlaybackEngines/WebGLSupport/UnityEditor.WebGL.Extensions.dll
Register platform support module: C:/Program Files/Unity/Hub/Editor/2022.3.62f3/Editor/Data/PlaybackEngines/WindowsStandaloneSupport/UnityEditor.WindowsStandalone.Extensions.dll
Registered in 0.011107 seconds.
- Loaded All Assemblies, in  0.381 seconds
Native extension for WindowsStandalone target not found
Native extension for WebGL target not found
Mono: successfully reloaded assembly
- Finished resetting the current domain, in  0.295 seconds
Domain Reload Profiling: 674ms
	BeginReloadAssembly (115ms)
		ExecutionOrderSort (0ms)
		DisableScriptedObjects (0ms)
		BackupInstance (0ms)
		ReleaseScriptingObjects (0ms)
		CreateAndSetChildDomain (1ms)
	RebuildCommonClasses (34ms)
	RebuildNativeTypeToScriptingClass (10ms)
	initialDomainReloadingComplete (67ms)
	LoadAllAssembliesAndSetupDomain (152ms)
		LoadAssemblies (113ms)
		RebuildTransferFunctionScriptingTraits (0ms)
		AnalyzeDomain (150ms)
			TypeCache.Refresh (148ms)
				TypeCache.ScanAssembly (136ms)
			ScanForSourceGeneratedMonoScriptInfo (0ms)
			ResolveRequiredComponents (0ms)
	FinalizeReload (296ms)
		ReleaseScriptCaches (0ms)
		RebuildScriptCaches (0ms)
		SetupLoadedEditorAssemblies (246ms)
			LogAssemblyErrors (0ms)
			InitializePlatformSupportModulesInManaged (14ms)
			SetLoadedEditorAssemblies (6ms)
			RefreshPlugins (0ms)
			BeforeProcessingInitializeOnLoad (2ms)
			ProcessInitializeOnLoadAttributes (171ms)
			ProcessInitializeOnLoadMethodAttributes (53ms)
			AfterProcessingInitializeOnLoad (0ms)
			EditorAssembliesLoaded (0ms)
		ExecutionOrderSort2 (0ms)
		AwakeInstancesAfterBackupRestoration (0ms)
========================================================================
Worker process is ready to serve import requests
Caller must complete domain reload
Begin MonoManager ReloadAssembly
- Loaded All Assemblies, in  0.479 seconds
Native extension for WindowsStandalone target not found
Native extension for WebGL target not found
Mono: successfully reloaded assembly
- Finished resetting the current domain, in  0.434 seconds
Domain Reload Profiling: 911ms
	BeginReloadAssembly (104ms)
		ExecutionOrderSort (0ms)
		DisableScriptedObjects (3ms)
		BackupInstance (0ms)
		ReleaseScriptingObjects (0ms)
		CreateAndSetChildDomain (13ms)
	RebuildCommonClasses (24ms)
	RebuildNativeTypeToScriptingClass (7ms)
	initialDomainReloadingComplete (33ms)
	LoadAllAssembliesAndSetupDomain (309ms)
		LoadAssemblies (237ms)
		RebuildTransferFunctionScriptingTraits (0ms)
		AnalyzeDomain (134ms)
			TypeCache.Refresh (111ms)
				TypeCache.ScanAssembly (101ms)
			ScanForSourceGeneratedMonoScriptInfo (14ms)
			ResolveRequiredComponents (7ms)
	FinalizeReload (435ms)
		ReleaseScriptCaches (0ms)
		RebuildScriptCaches (0ms)
		SetupLoadedEditorAssemblies (341ms)
			LogAssemblyErrors (0ms)
			InitializePlatformSupportModulesInManaged (6ms)
			SetLoadedEditorAssemblies (7ms)
			RefreshPlugins (0ms)
			BeforeProcessingInitializeOnLoad (51ms)
			ProcessInitializeOnLoadAttributes (222ms)
			ProcessInitializeOnLoadMethodAttributes (49ms)
			AfterProcessingInitializeOnLoad (5ms)
			EditorAssembliesLoaded (0ms)
		ExecutionOrderSort2 (0ms)
		AwakeInstancesAfterBackupRestoration (5ms)
Launched and connected shader compiler UnityShaderCompiler.exe after 0.03 seconds
Refreshing native plugins compatible for Editor in 9.49 ms, found 4 plugins.
Preloading 0 native plugins for Editor in 0.00 ms.
Unloading 5287 Unused Serialized files (Serialized files now loaded: 0)
Unloading 27 unused Assets / (349.5 KB). Loaded Objects now: 5752.
Memory consumption went from 206.4 MB to 206.1 MB.
Total: 4.650100 ms (FindLiveObjects: 0.394100 ms CreateObjectMapping: 0.262900 ms MarkObjects: 3.759900 ms  DeleteObjects: 0.231600 ms)

AssetImportParameters requested are different than current active one (requested -> active):
  custom:container-demuxer-ogg: 62fdf1f143b41e24485cea50d1cbac27 -> 
  custom:video-codec-MediaFoundation-h265: 746d11721c4dcdbdad8f713fa42b33f4 -> 
  custom:video-decoder-ogg-theora: a1e56fd34408186e4bbccfd4996cb3dc -> 
  custom:framework-win-MediaFoundation: 216162199b28c13a410421893ffa2e32 -> 
  custom:CustomObjectIndexerAttribute: 72b91833f83ae208fae7752999fa3104 -> 
  custom:container-demuxer-webm: 4f35f7cbe854078d1ac9338744f61a02 -> 
  custom:container-muxer-webm: aa71ff27fc2769a1b78a27578f13a17b -> 
  custom:video-decoder-webm-vp8: 9c59270c3fd7afecdb556c50c9e8de78 -> 
  custom:SearchIndexIgnoredProperties: e643bd26f0fe6173181afceb89e7c659 -> 
  custom:AudioImporter_EditorPlatform: d09bf68614088b80899f8185d706f6e7 -> 
  custom:video-encoder-webm-vp8: eb34c28f22e8b96e1ab97ce403110664 -> 
  custom:audio-decoder-ogg-vorbis: bf7c407c2cedff20999df2af8eb42d56 -> 
  custom:audio-encoder-webm-vorbis: bf7c407c2cedff20999df2af8eb42d56 -> 
========================================================================
Received Import Request.
  Time since last request: 305240.608108 seconds.
  path: Assets/Trees/Trees/Branch.png
  artifactKey: Guid(ff585e50696a9aa4fb85107202e3fc91) Importer(815301076,1909f56bfc062723c751e8b465ee728b)
Start importing Assets/Trees/Trees/Branch.png using Guid(ff585e50696a9aa4fb85107202e3fc91) Importer(815301076,1909f56bfc062723c751e8b465ee728b) [PhysX] Initialized MultithreadedTaskDispatcher with 16 workers.
[PhysX] Initialized MultithreadedTaskDispatcher with 16 workers.
 -> (artifact id: '7e61fd95ddd902f39527f0a3a4d1689c') in 0.051580 seconds
Number of updated asset objects reloaded before import = 0
Number of asset objects unloaded after import = 2
========================================================================
Received Import Request.
  Time since last request: 151.524498 seconds.
  path: Assets/Tree_1 (1).prefab
  artifactKey: Guid(8237efb4f53894340ba754b263b1ed7a) Importer(815301076,1909f56bfc062723c751e8b465ee728b)
Start importing Assets/Tree_1 (1).prefab using Guid(8237efb4f53894340ba754b263b1ed7a) Importer(815301076,1909f56bfc062723c751e8b465ee728b) [PhysX] Initialized MultithreadedTaskDispatcher with 16 workers.
[PhysX] Initialized MultithreadedTaskDispatcher with 16 workers.
 -> (artifact id: '392fcca457c4dadbf991eebd1e989682') in 0.721355 seconds
Number of updated asset objects reloaded before import = 0
Number of asset objects unloaded after import = 97
========================================================================
Received Import Request.
  Time since last request: 68.353015 seconds.
  path: Assets/Tree_1 (1).prefab
  artifactKey: Guid(8237efb4f53894340ba754b263b1ed7a) Importer(815301076,1909f56bfc062723c751e8b465ee728b)
Start importing Assets/Tree_1 (1).prefab using Guid(8237efb4f53894340ba754b263b1ed7a) Importer(815301076,1909f56bfc062723c751e8b465ee728b) [PhysX] Initialized MultithreadedTaskDispatcher with 16 workers.
[PhysX] Initialized MultithreadedTaskDispatcher with 16 workers.
 -> (artifact id: 'b29d7d0f4469f8b241250ac6450b1851') in 0.013398 seconds
Number of updated asset objects reloaded before import = 0
Number of asset objects unloaded after import = 78
========================================================================
Received Import Request.
  Time since last request: 21.192125 seconds.
  path: Assets/Tree_1 (1).prefab
  artifactKey: Guid(8237efb4f53894340ba754b263b1ed7a) Importer(815301076,1909f56bfc062723c751e8b465ee728b)
Start importing Assets/Tree_1 (1).prefab using Guid(8237efb4f53894340ba754b263b1ed7a) Importer(815301076,1909f56bfc062723c751e8b465ee728b) [PhysX] Initialized MultithreadedTaskDispatcher with 16 workers.
[PhysX] Initialized MultithreadedTaskDispatcher with 16 workers.
 -> (artifact id: '6ccd1f74ec4998500436b51c14d09887') in 0.017812 seconds
Number of updated asset objects reloaded before import = 0
Number of asset objects unloaded after import = 78
========================================================================
Received Import Request.
  Time since last request: 12.481118 seconds.
  path: Assets/Tree_1 (1).prefab
  artifactKey: Guid(8237efb4f53894340ba754b263b1ed7a) Importer(815301076,1909f56bfc062723c751e8b465ee728b)
Start importing Assets/Tree_1 (1).prefab using Guid(8237efb4f53894340ba754b263b1ed7a) Importer(815301076,1909f56bfc062723c751e8b465ee728b) [PhysX] Initialized MultithreadedTaskDispatcher with 16 workers.
[PhysX] Initialized MultithreadedTaskDispatcher with 16 workers.
 -> (artifact id: '565a797751b0ba1d45bbe6f46a5e130d') in 0.015666 seconds
Number of updated asset objects reloaded before import = 0
Number of asset objects unloaded after import = 78
========================================================================
Received Import Request.
  Time since last request: 5.013201 seconds.
  path: Assets/Tree_1 (1).prefab
  artifactKey: Guid(8237efb4f53894340ba754b263b1ed7a) Importer(815301076,1909f56bfc062723c751e8b465ee728b)
Start importing Assets/Tree_1 (1).prefab using Guid(8237efb4f53894340ba754b263b1ed7a) Importer(815301076,1909f56bfc062723c751e8b465ee728b) [PhysX] Initialized MultithreadedTaskDispatcher with 16 workers.
[PhysX] Initialized MultithreadedTaskDispatcher with 16 workers.
 -> (artifact id: 'ba75eef3ebe23919d2b277aff74b1a30') in 0.014516 seconds
Number of updated asset objects reloaded before import = 0
Number of asset objects unloaded after import = 78
========================================================================
Received Import Request.
  Time since last request: 3.216920 seconds.
  path: Assets/Tree_1 (1).prefab
  artifactKey: Guid(8237efb4f53894340ba754b263b1ed7a) Importer(815301076,1909f56bfc062723c751e8b465ee728b)
Start importing Assets/Tree_1 (1).prefab using Guid(8237efb4f53894340ba754b263b1ed7a) Importer(815301076,1909f56bfc062723c751e8b465ee728b) [PhysX] Initialized MultithreadedTaskDispatcher with 16 workers.
[PhysX] Initialized MultithreadedTaskDispatcher with 16 workers.
 -> (artifact id: '1b25107e4d8cb489d2a2c47eb157f2e2') in 0.011415 seconds
Number of updated asset objects reloaded before import = 0
Number of asset objects unloaded after import = 78
========================================================================
Received Import Request.
  Time since last request: 9.271756 seconds.
  path: Assets/Tree_1 (1).prefab
  artifactKey: Guid(8237efb4f53894340ba754b263b1ed7a) Importer(815301076,1909f56bfc062723c751e8b465ee728b)
Start importing Assets/Tree_1 (1).prefab using Guid(8237efb4f53894340ba754b263b1ed7a) Importer(815301076,1909f56bfc062723c751e8b465ee728b) [PhysX] Initialized MultithreadedTaskDispatcher with 16 workers.
[PhysX] Initialized MultithreadedTaskDispatcher with 16 workers.
 -> (artifact id: '31320d6fcbdfb041959fa6699ca4574c') in 0.015626 seconds
Number of updated asset objects reloaded before import = 0
Number of asset objects unloaded after import = 78
========================================================================
Received Import Request.
  Time since last request: 2.995462 seconds.
  path: Assets/Tree_1 (1).prefab
  artifactKey: Guid(8237efb4f53894340ba754b263b1ed7a) Importer(815301076,1909f56bfc062723c751e8b465ee728b)
Start importing Assets/Tree_1 (1).prefab using Guid(8237efb4f53894340ba754b263b1ed7a) Importer(815301076,1909f56bfc062723c751e8b465ee728b) [PhysX] Initialized MultithreadedTaskDispatcher with 16 workers.
[PhysX] Initialized MultithreadedTaskDispatcher with 16 workers.
 -> (artifact id: '1325497ac4366c9bab2b0ede5d28312b') in 0.011077 seconds
Number of updated asset objects reloaded before import = 0
Number of asset objects unloaded after import = 78
========================================================================
Received Import Request.
  Time since last request: 10.661115 seconds.
  path: Assets/Tree_1 (1).prefab
  artifactKey: Guid(8237efb4f53894340ba754b263b1ed7a) Importer(815301076,1909f56bfc062723c751e8b465ee728b)
Start importing Assets/Tree_1 (1).prefab using Guid(8237efb4f53894340ba754b263b1ed7a) Importer(815301076,1909f56bfc062723c751e8b465ee728b) [PhysX] Initialized MultithreadedTaskDispatcher with 16 workers.
[PhysX] Initialized MultithreadedTaskDispatcher with 16 workers.
 -> (artifact id: '1b9fd8c2414cd66f7fa2cdbe48cdab80') in 0.015364 seconds
Number of updated asset objects reloaded before import = 0
Number of asset objects unloaded after import = 78
========================================================================
Received Import Request.
  Time since last request: 1.999481 seconds.
  path: Assets/New Terrain.asset
  artifactKey: Guid(a86c5aef144aeab43a6048d27d38d01c) Importer(815301076,1909f56bfc062723c751e8b465ee728b)
Start importing Assets/New Terrain.asset using Guid(a86c5aef144aeab43a6048d27d38d01c) Importer(815301076,1909f56bfc062723c751e8b465ee728b) [PhysX] Initialized MultithreadedTaskDispatcher with 16 workers.
The tree Tree_1 (1) must use the Nature/Soft Occlusion shader. Otherwise billboarding/lighting will not work correctly.
[PhysX] Initialized MultithreadedTaskDispatcher with 16 workers.
 -> (artifact id: '04101b00a8f4e1ab608ff2d0c05a769a') in 0.045695 seconds
Number of updated asset objects reloaded before import = 0
Number of asset objects unloaded after import = 13
========================================================================
Received Import Request.
  Time since last request: 49.210569 seconds.
  path: Assets/Trees.prefab
  artifactKey: Guid(8ab21814c1dde094b81ee52469df232d) Importer(815301076,1909f56bfc062723c751e8b465ee728b)
Start importing Assets/Trees.prefab using Guid(8ab21814c1dde094b81ee52469df232d) Importer(815301076,1909f56bfc062723c751e8b465ee728b) [PhysX] Initialized MultithreadedTaskDispatcher with 16 workers.
[PhysX] Initialized MultithreadedTaskDispatcher with 16 workers.
 -> (artifact id: '79c02b7e099d434645b6b47ecb08bdbd') in 0.019198 seconds
Number of updated asset objects reloaded before import = 0
Number of asset objects unloaded after import = 82
========================================================================
Received Import Request.
  Time since last request: 91.373369 seconds.
  path: Assets/Tree_1 (1).prefab
  artifactKey: Guid(8237efb4f53894340ba754b263b1ed7a) Importer(815301076,1909f56bfc062723c751e8b465ee728b)
Start importing Assets/Tree_1 (1).prefab using Guid(8237efb4f53894340ba754b263b1ed7a) Importer(815301076,1909f56bfc062723c751e8b465ee728b) [PhysX] Initialized MultithreadedTaskDispatcher with 16 workers.
[PhysX] Initialized MultithreadedTaskDispatcher with 16 workers.
 -> (artifact id: '4fea45e0c805d1656f0dcdb69a831e6c') in 0.014314 seconds
Number of updated asset objects reloaded before import = 0
Number of asset objects unloaded after import = 78
========================================================================
Received Import Request.
  Time since last request: 2.793772 seconds.
  path: Assets/Tree_1 (1).prefab
  artifactKey: Guid(8237efb4f53894340ba754b263b1ed7a) Importer(815301076,1909f56bfc062723c751e8b465ee728b)
Start importing Assets/Tree_1 (1).prefab using Guid(8237efb4f53894340ba754b263b1ed7a) Importer(815301076,1909f56bfc062723c751e8b465ee728b) [PhysX] Initialized MultithreadedTaskDispatcher with 16 workers.
[PhysX] Initialized MultithreadedTaskDispatcher with 16 workers.
 -> (artifact id: 'bad28147bd79e3f892369821367c4e04') in 0.015518 seconds
Number of updated asset objects reloaded before import = 0
Number of asset objects unloaded after import = 78
========================================================================
Received Import Request.
  Time since last request: 1.795620 seconds.
  path: Assets/Tree_1 (1).prefab
  artifactKey: Guid(8237efb4f53894340ba754b263b1ed7a) Importer(815301076,1909f56bfc062723c751e8b465ee728b)
Start importing Assets/Tree_1 (1).prefab using Guid(8237efb4f53894340ba754b263b1ed7a) Importer(815301076,1909f56bfc062723c751e8b465ee728b) [PhysX] Initialized MultithreadedTaskDispatcher with 16 workers.
[PhysX] Initialized MultithreadedTaskDispatcher with 16 workers.
 -> (artifact id: '53aaa34095ed827fbd300d69982895f3') in 0.014465 seconds
Number of updated asset objects reloaded before import = 0
Number of asset objects unloaded after import = 78
========================================================================
Received Import Request.
  Time since last request: 1.986376 seconds.
  path: Assets/Tree_1 (1).prefab
  artifactKey: Guid(8237efb4f53894340ba754b263b1ed7a) Importer(815301076,1909f56bfc062723c751e8b465ee728b)
Start importing Assets/Tree_1 (1).prefab using Guid(8237efb4f53894340ba754b263b1ed7a) Importer(815301076,1909f56bfc062723c751e8b465ee728b) [PhysX] Initialized MultithreadedTaskDispatcher with 16 workers.
[PhysX] Initialized MultithreadedTaskDispatcher with 16 workers.
 -> (artifact id: 'f2803a4d46ddf19e381d3b211d1ba2e8') in 0.018251 seconds
Number of updated asset objects reloaded before import = 0
Number of asset objects unloaded after import = 78
========================================================================
Received Import Request.
  Time since last request: 9.048601 seconds.
  path: Assets/Tree_1 (1).prefab
  artifactKey: Guid(8237efb4f53894340ba754b263b1ed7a) Importer(815301076,1909f56bfc062723c751e8b465ee728b)
Start importing Assets/Tree_1 (1).prefab using Guid(8237efb4f53894340ba754b263b1ed7a) Importer(815301076,1909f56bfc062723c751e8b465ee728b) [PhysX] Initialized MultithreadedTaskDispatcher with 16 workers.
[PhysX] Initialized MultithreadedTaskDispatcher with 16 workers.
 -> (artifact id: '4f09273d3a5607713aad0ab33325784e') in 0.014509 seconds
Number of updated asset objects reloaded before import = 0
Number of asset objects unloaded after import = 78
========================================================================
Received Import Request.
  Time since last request: 108.867727 seconds.
  path: Assets/New Terrain.asset
  artifactKey: Guid(a86c5aef144aeab43a6048d27d38d01c) Importer(815301076,1909f56bfc062723c751e8b465ee728b)
Start importing Assets/New Terrain.asset using Guid(a86c5aef144aeab43a6048d27d38d01c) Importer(815301076,1909f56bfc062723c751e8b465ee728b) [PhysX] Initialized MultithreadedTaskDispatcher with 16 workers.
The tree Trees couldn't be instanced because the prefab contains no valid mesh renderer.
The tree Tree_1 (1) must use the Nature/Soft Occlusion shader. Otherwise billboarding/lighting will not work correctly.
[PhysX] Initialized MultithreadedTaskDispatcher with 16 workers.
 -> (artifact id: 'acb014d6ef31c6b4297e09541d4442b7') in 0.025411 seconds
Number of updated asset objects reloaded before import = 0
Number of asset objects unloaded after import = 20
========================================================================
Received Import Request.
  Time since last request: 149.558339 seconds.
  path: Assets/Tree_1 (1).prefab
  artifactKey: Guid(8237efb4f53894340ba754b263b1ed7a) Importer(815301076,1909f56bfc062723c751e8b465ee728b)
Start importing Assets/Tree_1 (1).prefab using Guid(8237efb4f53894340ba754b263b1ed7a) Importer(815301076,1909f56bfc062723c751e8b465ee728b) [PhysX] Initialized MultithreadedTaskDispatcher with 16 workers.
 -> (artifact id: '18cced88e0c34a88bfb30b47a64f887b') in 0.002232 seconds
Number of updated asset objects reloaded before import = 0
Number of asset objects unloaded after import = 6
========================================================================
Received Import Request.
  Time since last request: 70.206020 seconds.
  path: Assets/World Trees/Northern Woodland
  artifactKey: Guid(1e58fc615e2b43abc35cf36ee80e9e2e) Importer(815301076,1909f56bfc062723c751e8b465ee728b)
Start importing Assets/World Trees/Northern Woodland using Guid(1e58fc615e2b43abc35cf36ee80e9e2e) Importer(815301076,1909f56bfc062723c751e8b465ee728b) [PhysX] Initialized MultithreadedTaskDispatcher with 16 workers.
 -> (artifact id: '9c6c2ae1b321a69c15ba40527a136f66') in 0.000497 seconds
Number of updated asset objects reloaded before import = 0
Number of asset objects unloaded after import = 0
========================================================================
Received Import Request.
  Time since last request: 0.529656 seconds.
  path: Assets/World Trees/ExtraPrefab
  artifactKey: Guid(0166e7821dcc65a479d317d157c0cdd0) Importer(815301076,1909f56bfc062723c751e8b465ee728b)
Start importing Assets/World Trees/ExtraPrefab using Guid(0166e7821dcc65a479d317d157c0cdd0) Importer(815301076,1909f56bfc062723c751e8b465ee728b) [PhysX] Initialized MultithreadedTaskDispatcher with 16 workers.
 -> (artifact id: '6af170df53131796688dd8a7e39f61a7') in 0.000438 seconds
Number of updated asset objects reloaded before import = 0
Number of asset objects unloaded after import = 0
========================================================================
Received Import Request.
  Time since last request: 0.108296 seconds.
  path: Assets/World Trees/ExtraPrefab/2D.png
  artifactKey: Guid(786fb97f2b9c23249903baf8a1ceac79) Importer(815301076,1909f56bfc062723c751e8b465ee728b)
Start importing Assets/World Trees/ExtraPrefab/2D.png using Guid(786fb97f2b9c23249903baf8a1ceac79) Importer(815301076,1909f56bfc062723c751e8b465ee728b) [PhysX] Initialized MultithreadedTaskDispatcher with 16 workers.
[PhysX] Initialized MultithreadedTaskDispatcher with 16 workers.
 -> (artifact id: '46571fe806d475d843ad0fcb5b85557d') in 0.028956 seconds
Number of updated asset objects reloaded before import = 0
Number of asset objects unloaded after import = 2
========================================================================
Received Import Request.
  Time since last request: 0.000017 seconds.
  path: Assets/World Trees/ExtraPrefab/New Material.mat
  artifactKey: Guid(51eb5ec6a25e2df44a41dfc466ad2d52) Importer(815301076,1909f56bfc062723c751e8b465ee728b)
Start importing Assets/World Trees/ExtraPrefab/New Material.mat using Guid(51eb5ec6a25e2df44a41dfc466ad2d52) Importer(815301076,1909f56bfc062723c751e8b465ee728b) [PhysX] Initialized MultithreadedTaskDispatcher with 16 workers.
[PhysX] Initialized MultithreadedTaskDispatcher with 16 workers.
 -> (artifact id: '056c9a22dc8e9397a4d7213c1b415d96') in 0.041875 seconds
Number of updated asset objects reloaded before import = 0
Number of asset objects unloaded after import = 3
========================================================================
Received Import Request.
  Time since last request: 3.756010 seconds.
  path: Assets/World Trees/Northern Woodland/Aspen
  artifactKey: Guid(2ff4b453ac905d9f9afa4e368fd33918) Importer(815301076,1909f56bfc062723c751e8b465ee728b)
Start importing Assets/World Trees/Northern Woodland/Aspen using Guid(2ff4b453ac905d9f9afa4e368fd33918) Importer(815301076,1909f56bfc062723c751e8b465ee728b) [PhysX] Initialized MultithreadedTaskDispatcher with 16 workers.
 -> (artifact id: '91367ef67a73b5f277033ee70108a91d') in 0.000577 seconds
Number of updated asset objects reloaded before import = 0
Number of asset objects unloaded after import = 0
========================================================================
Received Import Request.
  Time since last request: 0.838795 seconds.
  path: Assets/World Trees/Northern Woodland/Aspen/HealthySmall
  artifactKey: Guid(0d9aa9e24410dacb0124f2db524f01a3) Importer(815301076,1909f56bfc062723c751e8b465ee728b)
Start importing Assets/World Trees/Northern Woodland/Aspen/HealthySmall using Guid(0d9aa9e24410dacb0124f2db524f01a3) Importer(815301076,1909f56bfc062723c751e8b465ee728b) [PhysX] Initialized MultithreadedTaskDispatcher with 16 workers.
 -> (artifact id: 'a775140475477f2e91410cab974bd74d') in 0.000451 seconds
Number of updated asset objects reloaded before import = 0
Number of asset objects unloaded after import = 0
========================================================================
Received Import Request.
  Time since last request: 0.084060 seconds.
  path: Assets/World Trees/Northern Woodland/Aspen/HealthySmall/Aspen_HealthySmall.fbx
  artifactKey: Guid(b0d510fb1a77152b28f86dfda256957e) Importer(815301076,1909f56bfc062723c751e8b465ee728b)
Start importing Assets/World Trees/Northern Woodland/Aspen/HealthySmall/Aspen_HealthySmall.fbx using Guid(b0d510fb1a77152b28f86dfda256957e) Importer(815301076,1909f56bfc062723c751e8b465ee728b) [PhysX] Initialized MultithreadedTaskDispatcher with 16 workers.
[PhysX] Initialized MultithreadedTaskDispatcher with 16 workers.
[PhysX] Initialized MultithreadedTaskDispatcher with 16 workers.
 -> (artifact id: '6ddd528157872b3988d59191201ceb0d') in 2.004086 seconds
Number of updated asset objects reloaded before import = 0
Number of asset objects unloaded after import = 15
========================================================================
Received Import Request.
  Time since last request: 0.000030 seconds.
  path: Assets/World Trees/Northern Woodland/Aspen/HealthySmall/T_Aspen_HealthySmall_Leaf_MetallicSmoothness.png
  artifactKey: Guid(ef1896ab8f5a090ac6892d5eb3572214) Importer(815301076,1909f56bfc062723c751e8b465ee728b)
Start importing Assets/World Trees/Northern Woodland/Aspen/HealthySmall/T_Aspen_HealthySmall_Leaf_MetallicSmoothness.png using Guid(ef1896ab8f5a090ac6892d5eb3572214) Importer(815301076,1909f56bfc062723c751e8b465ee728b) [PhysX] Initialized MultithreadedTaskDispatcher with 16 workers.
[PhysX] Initialized MultithreadedTaskDispatcher with 16 workers.
 -> (artifact id: '219c623aeb8b9ed6c53a9fb985787592') in 0.012992 seconds
Number of updated asset objects reloaded before import = 0
Number of asset objects unloaded after import = 2
========================================================================
Received Import Request.
  Time since last request: 0.000055 seconds.
  path: Assets/World Trees/Northern Woodland/Aspen/HealthySmall/T_Aspen_HealthySmall_Bark_Normal.png
  artifactKey: Guid(1d3d3d195b320613da8236970f4112b7) Importer(815301076,1909f56bfc062723c751e8b465ee728b)
Start importing Assets/World Trees/Northern Woodland/Aspen/HealthySmall/T_Aspen_HealthySmall_Bark_Normal.png using Guid(1d3d3d195b320613da8236970f4112b7) Importer(815301076,1909f56bfc062723c751e8b465ee728b) [PhysX] Initialized MultithreadedTaskDispatcher with 16 workers.
[PhysX] Initialized MultithreadedTaskDispatcher with 16 workers.
 -> (artifact id: 'e1b371fa8ce3c71f3faf9c907bee1ce0') in 0.027551 seconds
Number of updated asset objects reloaded before import = 0
Number of asset objects unloaded after import = 2
========================================================================
Received Import Request.
  Time since last request: 11.511107 seconds.
  path: Assets/World Trees/Northern Woodland/Prefabs/Aspen_HealthyLarge.prefab
  artifactKey: Guid(b23f5dd810c30f0438acaa14322b7f08) Importer(815301076,1909f56bfc062723c751e8b465ee728b)
Start importing Assets/World Trees/Northern Woodland/Prefabs/Aspen_HealthyLarge.prefab using Guid(b23f5dd810c30f0438acaa14322b7f08) Importer(815301076,1909f56bfc062723c751e8b465ee728b) [PhysX] Initialized MultithreadedTaskDispatcher with 16 workers.
[PhysX] Initialized MultithreadedTaskDispatcher with 16 workers.
 -> (artifact id: 'ae23d5aee2ec821ef17b14bc4322649e') in 0.050089 seconds
Number of updated asset objects reloaded before import = 0
Number of asset objects unloaded after import = 15
========================================================================
Received Import Request.
  Time since last request: 0.000023 seconds.
  path: Assets/World Trees/Northern Woodland/Birch/HealthyLarge/Birch_HealthyLarge.fbx
  artifactKey: Guid(a2efe6f858fd44ba4a20993e903cfcd4) Importer(815301076,1909f56bfc062723c751e8b465ee728b)
Start importing Assets/World Trees/Northern Woodland/Birch/HealthyLarge/Birch_HealthyLarge.fbx using Guid(a2efe6f858fd44ba4a20993e903cfcd4) Importer(815301076,1909f56bfc062723c751e8b465ee728b) [PhysX] Initialized MultithreadedTaskDispatcher with 16 workers.
[PhysX] Initialized MultithreadedTaskDispatcher with 16 workers.
[PhysX] Initialized MultithreadedTaskDispatcher with 16 workers.
 -> (artifact id: 'e7af2b3e9b69fe03ae6b2e6b871c634c') in 0.036239 seconds
Number of updated asset objects reloaded before import = 0
Number of asset objects unloaded after import = 15
========================================================================
Received Import Request.
  Time since last request: 0.000023 seconds.
  path: Assets/World Trees/Northern Woodland/Elm/HealthySmall/Elm_HealthySmall.fbx
  artifactKey: Guid(6b36039f65f724a6c2417bccac364daa) Importer(815301076,1909f56bfc062723c751e8b465ee728b)
Start importing Assets/World Trees/Northern Woodland/Elm/HealthySmall/Elm_HealthySmall.fbx using Guid(6b36039f65f724a6c2417bccac364daa) Importer(815301076,1909f56bfc062723c751e8b465ee728b) [PhysX] Initialized MultithreadedTaskDispatcher with 16 workers.
[PhysX] Initialized MultithreadedTaskDispatcher with 16 workers.
[PhysX] Initialized MultithreadedTaskDispatcher with 16 workers.
 -> (artifact id: '328aea3969797e6096f5c381cf784696') in 0.032315 seconds
Number of updated asset objects reloaded before import = 0
Number of asset objects unloaded after import = 15
========================================================================
Received Import Request.
  Time since last request: 0.000030 seconds.
  path: Assets/World Trees/Northern Woodland/Prefabs/Aspen_WeatheredSmall.prefab
  artifactKey: Guid(8872588ea79365d43bc946e640391ead) Importer(815301076,1909f56bfc062723c751e8b465ee728b)
Start importing Assets/World Trees/Northern Woodland/Prefabs/Aspen_WeatheredSmall.prefab using Guid(8872588ea79365d43bc946e640391ead) Importer(815301076,1909f56bfc062723c751e8b465ee728b) [PhysX] Initialized MultithreadedTaskDispatcher with 16 workers.
[PhysX] Initialized MultithreadedTaskDispatcher with 16 workers.
 -> (artifact id: '6ce9071d458efca58c0e15c3faef4d5d') in 0.031973 seconds
Number of updated asset objects reloaded before import = 0
Number of asset objects unloaded after import = 15
========================================================================
Received Import Request.
  Time since last request: 0.000030 seconds.
  path: Assets/World Trees/Northern Woodland/Elm/WeatheredLarge/Elm_WeatheredLarge.fbx
  artifactKey: Guid(9544b9eb8ad3656d6d28321ac14b5e12) Importer(815301076,1909f56bfc062723c751e8b465ee728b)
Start importing Assets/World Trees/Northern Woodland/Elm/WeatheredLarge/Elm_WeatheredLarge.fbx using Guid(9544b9eb8ad3656d6d28321ac14b5e12) Importer(815301076,1909f56bfc062723c751e8b465ee728b) [PhysX] Initialized MultithreadedTaskDispatcher with 16 workers.
[PhysX] Initialized MultithreadedTaskDispatcher with 16 workers.
[PhysX] Initialized MultithreadedTaskDispatcher with 16 workers.
 -> (artifact id: '36fb445bfe9b09284f6a7546c046927b') in 0.036951 seconds
Number of updated asset objects reloaded before import = 0
Number of asset objects unloaded after import = 15
========================================================================
Received Import Request.
  Time since last request: 0.000027 seconds.
  path: Assets/World Trees/Northern Woodland/Birch/SunbleachedSmall/Birch_SunbleachedSmall.fbx
  artifactKey: Guid(e867a5cd5d38c03e62d70309e7221293) Importer(815301076,1909f56bfc062723c751e8b465ee728b)
Start importing Assets/World Trees/Northern Woodland/Birch/SunbleachedSmall/Birch_SunbleachedSmall.fbx using Guid(e867a5cd5d38c03e62d70309e7221293) Importer(815301076,1909f56bfc062723c751e8b465ee728b) [PhysX] Initialized MultithreadedTaskDispatcher with 16 workers.
[PhysX] Initialized MultithreadedTaskDispatcher with 16 workers.
[PhysX] Initialized MultithreadedTaskDispatcher with 16 workers.
 -> (artifact id: 'bbd7306764c10e43d297fd3be9331248') in 0.043485 seconds
Number of updated asset objects reloaded before import = 0
Number of asset objects unloaded after import = 15
========================================================================
Received Import Request.
  Time since last request: 0.000024 seconds.
  path: Assets/World Trees/Northern Woodland/Prefabs/Elm_HealthySmall.prefab
  artifactKey: Guid(158f4c5190a17b04e9ec9bd24e7618e3) Importer(815301076,1909f56bfc062723c751e8b465ee728b)
Start importing Assets/World Trees/Northern Woodland/Prefabs/Elm_HealthySmall.prefab using Guid(158f4c5190a17b04e9ec9bd24e7618e3) Importer(815301076,1909f56bfc062723c751e8b465ee728b) [PhysX] Initialized MultithreadedTaskDispatcher with 16 workers.
[PhysX] Initialized MultithreadedTaskDispatcher with 16 workers.
 -> (artifact id: '9b60f872db4d61d08062d74e32555493') in 0.036920 seconds
Number of updated asset objects reloaded before import = 0
Number of asset objects unloaded after import = 15
========================================================================
Received Import Request.
  Time since last request: 0.000025 seconds.
  path: Assets/World Trees/Northern Woodland/Hazel/HealthySmall/Hazel_HealthySmall.fbx
  artifactKey: Guid(f52dc6727af591ee4a36b65194ab233a) Importer(815301076,1909f56bfc062723c751e8b465ee728b)
Start importing Assets/World Trees/Northern Woodland/Hazel/HealthySmall/Hazel_HealthySmall.fbx using Guid(f52dc6727af591ee4a36b65194ab233a) Importer(815301076,1909f56bfc062723c751e8b465ee728b) [PhysX] Initialized MultithreadedTaskDispatcher with 16 workers.
[PhysX] Initialized MultithreadedTaskDispatcher with 16 workers.
[PhysX] Initialized MultithreadedTaskDispatcher with 16 workers.
 -> (artifact id: '4f45c65abe11a258663d393489973a91') in 0.040198 seconds
Number of updated asset objects reloaded before import = 0
Number of asset objects unloaded after import = 15
========================================================================
Received Import Request.
  Time since last request: 0.000022 seconds.
  path: Assets/World Trees/Northern Woodland/Prefabs/Hazel_HealthySmall.prefab
  artifactKey: Guid(e57dbad08a881a04d8c91dcf05b469ee) Importer(815301076,1909f56bfc062723c751e8b465ee728b)
Start importing Assets/World Trees/Northern Woodland/Prefabs/Hazel_HealthySmall.prefab using Guid(e57dbad08a881a04d8c91dcf05b469ee) Importer(815301076,1909f56bfc062723c751e8b465ee728b) [PhysX] Initialized MultithreadedTaskDispatcher with 16 workers.
[PhysX] Initialized MultithreadedTaskDispatcher with 16 workers.
 -> (artifact id: '66bbbce8f3e471be146fad4c2adfe906') in 0.032547 seconds
Number of updated asset objects reloaded before import = 0
Number of asset objects unloaded after import = 15
========================================================================
Received Import Request.
  Time since last request: 0.000029 seconds.
  path: Assets/World Trees/Northern Woodland/Birch/HealthySmall/Birch_HealthySmall.fbx
  artifactKey: Guid(5b411a9c6cf6ded5f00697fed948caf5) Importer(815301076,1909f56bfc062723c751e8b465ee728b)
Start importing Assets/World Trees/Northern Woodland/Birch/HealthySmall/Birch_HealthySmall.fbx using Guid(5b411a9c6cf6ded5f00697fed948caf5) Importer(815301076,1909f56bfc062723c751e8b465ee728b) [PhysX] Initialized MultithreadedTaskDispatcher with 16 workers.
[PhysX] Initialized MultithreadedTaskDispatcher with 16 workers.
[PhysX] Initialized MultithreadedTaskDispatcher with 16 workers.
 -> (artifact id: '2e6838b16e55c7e0f59f832f129f9d00') in 0.036084 seconds
Number of updated asset objects reloaded before import = 0
Number of asset objects unloaded after import = 15
========================================================================
Received Import Request.
  Time since last request: 0.000036 seconds.
  path: Assets/World Trees/Northern Woodland/Prefabs/Elm_LushSmall.prefab
  artifactKey: Guid(a739f2b5074c6a14f9861d2c89a6e4e8) Importer(815301076,1909f56bfc062723c751e8b465ee728b)
Start importing Assets/World Trees/Northern Woodland/Prefabs/Elm_LushSmall.prefab using Guid(a739f2b5074c6a14f9861d2c89a6e4e8) Importer(815301076,1909f56bfc062723c751e8b465ee728b) [PhysX] Initialized MultithreadedTaskDispatcher with 16 workers.
[PhysX] Initialized MultithreadedTaskDispatcher with 16 workers.
 -> (artifact id: '0e15236e5cd41f7a87a39d9ea203fede') in 0.037559 seconds
Number of updated asset objects reloaded before import = 0
Number of asset objects unloaded after import = 15
========================================================================
Received Import Request.
  Time since last request: 0.000027 seconds.
  path: Assets/World Trees/Northern Woodland/Prefabs/Hazel_LushLarge.prefab
  artifactKey: Guid(7cb89e5f813c2c5419018e7228d46c6b) Importer(815301076,1909f56bfc062723c751e8b465ee728b)
Start importing Assets/World Trees/Northern Woodland/Prefabs/Hazel_LushLarge.prefab using Guid(7cb89e5f813c2c5419018e7228d46c6b) Importer(815301076,1909f56bfc062723c751e8b465ee728b) [PhysX] Initialized MultithreadedTaskDispatcher with 16 workers.
[PhysX] Initialized MultithreadedTaskDispatcher with 16 workers.
 -> (artifact id: '3c74a9b26711e18a6992dd36e457619d') in 0.038305 seconds
Number of updated asset objects reloaded before import = 0
Number of asset objects unloaded after import = 15
========================================================================
Received Import Request.
  Time since last request: 0.000023 seconds.
  path: Assets/World Trees/Northern Woodland/Prefabs/Birch_HealthySmall.prefab
  artifactKey: Guid(dc49d688554f9ac4e8976eb4ae219a06) Importer(815301076,1909f56bfc062723c751e8b465ee728b)
Start importing Assets/World Trees/Northern Woodland/Prefabs/Birch_HealthySmall.prefab using Guid(dc49d688554f9ac4e8976eb4ae219a06) Importer(815301076,1909f56bfc062723c751e8b465ee728b) [PhysX] Initialized MultithreadedTaskDispatcher with 16 workers.
[PhysX] Initialized MultithreadedTaskDispatcher with 16 workers.
 -> (artifact id: '0c51cc91ba1595d90b01649e8aff7337') in 0.031739 seconds
Number of updated asset objects reloaded before import = 0
Number of asset objects unloaded after import = 15
========================================================================
Received Import Request.
  Time since last request: 0.000024 seconds.
  path: Assets/World Trees/Northern Woodland/Elm/HealthyLarge/Elm_HealthyLarge.fbx
  artifactKey: Guid(94cceef91009fd57563cd78969789668) Importer(815301076,1909f56bfc062723c751e8b465ee728b)
Start importing Assets/World Trees/Northern Woodland/Elm/HealthyLarge/Elm_HealthyLarge.fbx using Guid(94cceef91009fd57563cd78969789668) Importer(815301076,1909f56bfc062723c751e8b465ee728b) [PhysX] Initialized MultithreadedTaskDispatcher with 16 workers.
[PhysX] Initialized MultithreadedTaskDispatcher with 16 workers.
[PhysX] Initialized MultithreadedTaskDispatcher with 16 workers.
 -> (artifact id: '279dd0c3f8bc781f23c081955d3e4740') in 0.043965 seconds
Number of updated asset objects reloaded before import = 0
Number of asset objects unloaded after import = 15
========================================================================
Received Import Request.
  Time since last request: 0.000033 seconds.
  path: Assets/World Trees/Northern Woodland/Prefabs/Hazel_WeatheredSmall.prefab
  artifactKey: Guid(fc32855be9b8f43458aaf5e998322261) Importer(815301076,1909f56bfc062723c751e8b465ee728b)
Start importing Assets/World Trees/Northern Woodland/Prefabs/Hazel_WeatheredSmall.prefab using Guid(fc32855be9b8f43458aaf5e998322261) Importer(815301076,1909f56bfc062723c751e8b465ee728b) [PhysX] Initialized MultithreadedTaskDispatcher with 16 workers.
[PhysX] Initialized MultithreadedTaskDispatcher with 16 workers.
 -> (artifact id: '2678e8429188b18ce1692c1b357fab65') in 0.028820 seconds
Number of updated asset objects reloaded before import = 0
Number of asset objects unloaded after import = 15
Editor requested this worker to shutdown with reason: Scaling down because of idle timeout
TcpMessagingSession - receive error: operation aborted. errorcode: 995, details: The I/O operation has been aborted because of either a thread exit or an application request.
AssetImportWorker is now disconnected from the server
Process exiting
Exiting without the bug reporter. Application will terminate with return code 0