Using pre-set license
Built from '2022.3/respin/2022.3.62f2-4af31df585-v2' branch; Version is '2022.3.62f3 (96770f904ca7) revision 9860879'; Using compiler version '192829333'; Build Type 'Release'
OS: 'Windows 11  (10.0.26200) 64bit Core' Language: 'en' Physical Memory: 65239 MB
BatchMode: 1, IsHumanControllingUs: 0, StartBugReporterOnCrash: 0, Is64bit: 1, IsPro: 1

COMMAND LINE ARGUMENTS:
C:\Program Files\Unity\Hub\Editor\2022.3.62f3\Editor\Unity.exe
-adb2
-batchMode
-noUpm
-name
AssetImportWorker1
-projectPath
C:/Users/guill/Creacion de terreno
-logFile
Logs/AssetImportWorker1.log
-srvPort
57205
Successfully changed project path to: C:/Users/guill/Creacion de terreno
C:/Users/guill/Creacion de terreno
[UnityMemory] Configuration Parameters - Can be set up in boot.config
    "memorysetup-bucket-allocator-granularity=16"
    "memorysetup-bucket-allocator-bucket-count=8"
    "memorysetup-bucket-allocator-block-size=33554432"
    "memorysetup-bucket-allocator-block-count=8"
    "memorysetup-main-allocator-block-size=16777216"
    "memorysetup-thread-allocator-block-size=16777216"
    "memorysetup-gfx-main-allocator-block-size=16777216"
    "memorysetup-gfx-thread-allocator-block-size=16777216"
    "memorysetup-cache-allocator-block-size=4194304"
    "memorysetup-typetree-allocator-block-size=2097152"
    "memorysetup-profiler-bucket-allocator-granularity=16"
    "memorysetup-profiler-bucket-allocator-bucket-count=8"
    "memorysetup-profiler-bucket-allocator-block-size=33554432"
    "memorysetup-profiler-bucket-allocator-block-count=8"
    "memorysetup-profiler-allocator-block-size=16777216"
    "memorysetup-profiler-editor-allocator-block-size=1048576"
    "memorysetup-temp-allocator-size-main=16777216"
    "memorysetup-job-temp-allocator-block-size=2097152"
    "memorysetup-job-temp-allocator-block-size-background=1048576"
    "memorysetup-job-temp-allocator-reduction-small-platforms=262144"
    "memorysetup-allocator-temp-initial-block-size-main=262144"
    "memorysetup-allocator-temp-initial-block-size-worker=262144"
    "memorysetup-temp-allocator-size-background-worker=32768"
    "memorysetup-temp-allocator-size-job-worker=262144"
    "memorysetup-temp-allocator-size-preload-manager=33554432"
    "memorysetup-temp-allocator-size-nav-mesh-worker=65536"
    "memorysetup-temp-allocator-size-audio-worker=65536"
    "memorysetup-temp-allocator-size-cloud-worker=32768"
    "memorysetup-temp-allocator-size-gi-baking-worker=262144"
    "memorysetup-temp-allocator-size-gfx=262144"
Player connection [18216]  Target information:

Player connection [18216]  * "[IP] 192.168.18.19 [Port] 0 [Flags] 2 [Guid] 2975642698 [EditorId] 2975642698 [Version] 1048832 [Id] WindowsEditor(7,MSI) [Debug] 1 [PackageName] WindowsEditor [ProjectName] Editor" 

Player connection [18216]  * "[IP] 169.254.227.35 [Port] 0 [Flags] 2 [Guid] 2975642698 [EditorId] 2975642698 [Version] 1048832 [Id] WindowsEditor(7,MSI) [Debug] 1 [PackageName] WindowsEditor [ProjectName] Editor" 

Player connection [18216]  * "[IP] 192.168.157.1 [Port] 0 [Flags] 2 [Guid] 2975642698 [EditorId] 2975642698 [Version] 1048832 [Id] WindowsEditor(7,MSI) [Debug] 1 [PackageName] WindowsEditor [ProjectName] Editor" 

Player connection [18216]  * "[IP] 172.27.16.1 [Port] 0 [Flags] 2 [Guid] 2975642698 [EditorId] 2975642698 [Version] 1048832 [Id] WindowsEditor(7,MSI) [Debug] 1 [PackageName] WindowsEditor [ProjectName] Editor" 

Player connection [18216] Host joined multi-casting on [225.0.0.222:54997]...
Player connection [18216] Host joined alternative multi-casting on [225.0.0.222:34997]...
Input System module state changed to: Initialized.
[PhysX] Initialized MultithreadedTaskDispatcher with 16 workers.
Refreshing native plugins compatible for Editor in 5709.90 ms, found 4 plugins.
Preloading 0 native plugins for Editor in 0.00 ms.
Initialize engine version: 2022.3.62f3 (96770f904ca7)
[Subsystems] Discovering subsystems at path C:/Program Files/Unity/Hub/Editor/2022.3.62f3/Editor/Data/Resources/UnitySubsystems
[Subsystems] Discovering subsystems at path C:/Users/guill/Creacion de terreno/Assets
GfxDevice: creating device client; threaded=0; jobified=0
Direct3D:
    Version:  Direct3D 11.0 [level 11.1]
    Renderer: NVIDIA GeForce RTX 4060 Laptop GPU (ID=0x28a0)
    Vendor:   NVIDIA
    VRAM:     7956 MB
    Driver:   32.0.16.1088
Initialize mono
Mono path[0] = 'C:/Program Files/Unity/Hub/Editor/2022.3.62f3/Editor/Data/Managed'
Mono path[1] = 'C:/Program Files/Unity/Hub/Editor/2022.3.62f3/Editor/Data/MonoBleedingEdge/lib/mono/unityjit-win32'
Mono config path = 'C:/Program Files/Unity/Hub/Editor/2022.3.62f3/Editor/Data/MonoBleedingEdge/etc'
Using monoOptions --debugger-agent=transport=dt_socket,embedding=1,server=y,suspend=n,address=127.0.0.1:56648
Begin MonoManager ReloadAssembly
Registering precompiled unity dll's ...
Register platform support module: C:/Program Files/Unity/Hub/Editor/2022.3.62f3/Editor/Data/PlaybackEngines/WebGLSupport/UnityEditor.WebGL.Extensions.dll
Register platform support module: C:/Program Files/Unity/Hub/Editor/2022.3.62f3/Editor/Data/PlaybackEngines/WindowsStandaloneSupport/UnityEditor.WindowsStandalone.Extensions.dll
Registered in 0.446610 seconds.
- Loaded All Assemblies, in 10.658 seconds
Native extension for WindowsStandalone target not found
Native extension for WebGL target not found
Mono: successfully reloaded assembly
- Finished resetting the current domain, in  0.380 seconds
Domain Reload Profiling: 11034ms
	BeginReloadAssembly (8010ms)
		ExecutionOrderSort (0ms)
		DisableScriptedObjects (0ms)
		BackupInstance (0ms)
		ReleaseScriptingObjects (0ms)
		CreateAndSetChildDomain (1ms)
	RebuildCommonClasses (652ms)
	RebuildNativeTypeToScriptingClass (10ms)
	initialDomainReloadingComplete (526ms)
	LoadAllAssembliesAndSetupDomain (1456ms)
		LoadAssemblies (8021ms)
		RebuildTransferFunctionScriptingTraits (0ms)
		AnalyzeDomain (1439ms)
			TypeCache.Refresh (1437ms)
				TypeCache.ScanAssembly (992ms)
			ScanForSourceGeneratedMonoScriptInfo (1ms)
			ResolveRequiredComponents (1ms)
	FinalizeReload (381ms)
		ReleaseScriptCaches (0ms)
		RebuildScriptCaches (0ms)
		SetupLoadedEditorAssemblies (316ms)
			LogAssemblyErrors (0ms)
			InitializePlatformSupportModulesInManaged (16ms)
			SetLoadedEditorAssemblies (9ms)
			RefreshPlugins (0ms)
			BeforeProcessingInitializeOnLoad (3ms)
			ProcessInitializeOnLoadAttributes (200ms)
			ProcessInitializeOnLoadMethodAttributes (88ms)
			AfterProcessingInitializeOnLoad (0ms)
			EditorAssembliesLoaded (0ms)
		ExecutionOrderSort2 (0ms)
		AwakeInstancesAfterBackupRestoration (0ms)
========================================================================
Worker process is ready to serve import requests
Caller must complete domain reload
Begin MonoManager ReloadAssembly
- Loaded All Assemblies, in 15.112 seconds
Native extension for WindowsStandalone target not found
Native extension for WebGL target not found
Mono: successfully reloaded assembly
- Finished resetting the current domain, in  0.563 seconds
Domain Reload Profiling: 15672ms
	BeginReloadAssembly (148ms)
		ExecutionOrderSort (0ms)
		DisableScriptedObjects (5ms)
		BackupInstance (0ms)
		ReleaseScriptingObjects (0ms)
		CreateAndSetChildDomain (16ms)
	RebuildCommonClasses (34ms)
	RebuildNativeTypeToScriptingClass (7ms)
	initialDomainReloadingComplete (49ms)
	LoadAllAssembliesAndSetupDomain (14870ms)
		LoadAssemblies (14571ms)
		RebuildTransferFunctionScriptingTraits (0ms)
		AnalyzeDomain (389ms)
			TypeCache.Refresh (359ms)
				TypeCache.ScanAssembly (347ms)
			ScanForSourceGeneratedMonoScriptInfo (19ms)
			ResolveRequiredComponents (9ms)
	FinalizeReload (563ms)
		ReleaseScriptCaches (0ms)
		RebuildScriptCaches (0ms)
		SetupLoadedEditorAssemblies (439ms)
			LogAssemblyErrors (0ms)
			InitializePlatformSupportModulesInManaged (7ms)
			SetLoadedEditorAssemblies (3ms)
			RefreshPlugins (0ms)
			BeforeProcessingInitializeOnLoad (67ms)
			ProcessInitializeOnLoadAttributes (311ms)
			ProcessInitializeOnLoadMethodAttributes (45ms)
			AfterProcessingInitializeOnLoad (6ms)
			EditorAssembliesLoaded (0ms)
		ExecutionOrderSort2 (0ms)
		AwakeInstancesAfterBackupRestoration (5ms)
Launched and connected shader compiler UnityShaderCompiler.exe after 0.10 seconds
Refreshing native plugins compatible for Editor in 5.83 ms, found 4 plugins.
Preloading 0 native plugins for Editor in 0.00 ms.
Unloading 5287 Unused Serialized files (Serialized files now loaded: 0)
Unloading 27 unused Assets / (350.1 KB). Loaded Objects now: 5749.
Memory consumption went from 205.8 MB to 205.4 MB.
Total: 2.959900 ms (FindLiveObjects: 0.287300 ms CreateObjectMapping: 0.142300 ms MarkObjects: 2.395200 ms  DeleteObjects: 0.134000 ms)

AssetImportParameters requested are different than current active one (requested -> active):
  custom:container-demuxer-ogg: 62fdf1f143b41e24485cea50d1cbac27 -> 
  custom:video-codec-MediaFoundation-h265: 746d11721c4dcdbdad8f713fa42b33f4 -> 
  custom:video-decoder-ogg-theora: a1e56fd34408186e4bbccfd4996cb3dc -> 
  custom:framework-win-MediaFoundation: 216162199b28c13a410421893ffa2e32 -> 
  custom:CustomObjectIndexerAttribute: 72b91833f83ae208fae7752999fa3104 -> 
  custom:container-demuxer-webm: 4f35f7cbe854078d1ac9338744f61a02 -> 
  custom:container-muxer-webm: aa71ff27fc2769a1b78a27578f13a17b -> 
  custom:video-decoder-webm-vp8: 9c59270c3fd7afecdb556c50c9e8de78 -> 
  custom:SearchIndexIgnoredProperties: e643bd26f0fe6173181afceb89e7c659 -> 
  custom:AudioImporter_EditorPlatform: d09bf68614088b80899f8185d706f6e7 -> 
  custom:video-encoder-webm-vp8: eb34c28f22e8b96e1ab97ce403110664 -> 
  custom:audio-decoder-ogg-vorbis: bf7c407c2cedff20999df2af8eb42d56 -> 
  custom:audio-encoder-webm-vorbis: bf7c407c2cedff20999df2af8eb42d56 -> 
========================================================================
Received Import Request.
  Time since last request: 304064.013315 seconds.
  path: Assets/Texturas/Natural Grass Lawn 4k Seamless Texture_864_2048.jpg
  artifactKey: Guid(ff2c1cc0328d39843a0ce518cbcacaaa) Importer(815301076,1909f56bfc062723c751e8b465ee728b)
Start importing Assets/Texturas/Natural Grass Lawn 4k Seamless Texture_864_2048.jpg using Guid(ff2c1cc0328d39843a0ce518cbcacaaa) Importer(815301076,1909f56bfc062723c751e8b465ee728b) [PhysX] Initialized MultithreadedTaskDispatcher with 16 workers.
[PhysX] Initialized MultithreadedTaskDispatcher with 16 workers.
 -> (artifact id: 'c54d8a2b52c43429d8dca1c6d6fba914') in 0.060606 seconds
Number of updated asset objects reloaded before import = 0
Number of asset objects unloaded after import = 2
========================================================================
Received Import Request.
  Time since last request: 1147.937540 seconds.
  path: Assets/Trees/Trees/Branch_1.png
  artifactKey: Guid(dcde7bf3be3a9bb4ba9dd4f33dafec61) Importer(815301076,1909f56bfc062723c751e8b465ee728b)
Start importing Assets/Trees/Trees/Branch_1.png using Guid(dcde7bf3be3a9bb4ba9dd4f33dafec61) Importer(815301076,1909f56bfc062723c751e8b465ee728b) [PhysX] Initialized MultithreadedTaskDispatcher with 16 workers.
[PhysX] Initialized MultithreadedTaskDispatcher with 16 workers.
 -> (artifact id: '5fa3950cc6994d0aca40ad29fa83d820') in 0.017049 seconds
Number of updated asset objects reloaded before import = 0
Number of asset objects unloaded after import = 2
========================================================================
Received Import Request.
  Time since last request: 0.000040 seconds.
  path: Assets/Trees/Trees/Wood_2.jpg
  artifactKey: Guid(9e4574590bc7abb48a6cf05967d3f28a) Importer(815301076,1909f56bfc062723c751e8b465ee728b)
Start importing Assets/Trees/Trees/Wood_2.jpg using Guid(9e4574590bc7abb48a6cf05967d3f28a) Importer(815301076,1909f56bfc062723c751e8b465ee728b) [PhysX] Initialized MultithreadedTaskDispatcher with 16 workers.
[PhysX] Initialized MultithreadedTaskDispatcher with 16 workers.
 -> (artifact id: '5b023c62c3559ebebe1e5781c3ac203c') in 0.019211 seconds
Number of updated asset objects reloaded before import = 0
Number of asset objects unloaded after import = 2
========================================================================
Received Import Request.
  Time since last request: 0.000026 seconds.
  path: Assets/Trees/Trees/Wood_01.jpg
  artifactKey: Guid(f523e838bd4d1f641aafe9e66f42100d) Importer(815301076,1909f56bfc062723c751e8b465ee728b)
Start importing Assets/Trees/Trees/Wood_01.jpg using Guid(f523e838bd4d1f641aafe9e66f42100d) Importer(815301076,1909f56bfc062723c751e8b465ee728b) [PhysX] Initialized MultithreadedTaskDispatcher with 16 workers.
[PhysX] Initialized MultithreadedTaskDispatcher with 16 workers.
 -> (artifact id: 'e878c4371bc646a3e768f2adb760ba98') in 0.021957 seconds
Number of updated asset objects reloaded before import = 0
Number of asset objects unloaded after import = 2
========================================================================
Received Import Request.
  Time since last request: 0.000019 seconds.
  path: Assets/Trees/Trees/Branch_08.png
  artifactKey: Guid(a2e71add18e2f9848adb8e6f66deffdb) Importer(815301076,1909f56bfc062723c751e8b465ee728b)
Start importing Assets/Trees/Trees/Branch_08.png using Guid(a2e71add18e2f9848adb8e6f66deffdb) Importer(815301076,1909f56bfc062723c751e8b465ee728b) [PhysX] Initialized MultithreadedTaskDispatcher with 16 workers.
[PhysX] Initialized MultithreadedTaskDispatcher with 16 workers.
 -> (artifact id: '63c52f00e72ad52962eb8b25549754b7') in 0.019957 seconds
Number of updated asset objects reloaded before import = 0
Number of asset objects unloaded after import = 2
========================================================================
Received Import Request.
  Time since last request: 0.000055 seconds.
  path: Assets/Trees/Trees/Wood_03.jpg
  artifactKey: Guid(4dca00f8f33b6e348a75f1f0053ced88) Importer(815301076,1909f56bfc062723c751e8b465ee728b)
Start importing Assets/Trees/Trees/Wood_03.jpg using Guid(4dca00f8f33b6e348a75f1f0053ced88) Importer(815301076,1909f56bfc062723c751e8b465ee728b) [PhysX] Initialized MultithreadedTaskDispatcher with 16 workers.
[PhysX] Initialized MultithreadedTaskDispatcher with 16 workers.
 -> (artifact id: '27a632ccf1ababe3dc51fdb65f45e3b4') in 0.025416 seconds
Number of updated asset objects reloaded before import = 0
Number of asset objects unloaded after import = 2
========================================================================
Received Import Request.
  Time since last request: 0.000028 seconds.
  path: Assets/Trees/Trees/Branch_13.png
  artifactKey: Guid(1fa87d7063528994d993271ca1c0c4dc) Importer(815301076,1909f56bfc062723c751e8b465ee728b)
Start importing Assets/Trees/Trees/Branch_13.png using Guid(1fa87d7063528994d993271ca1c0c4dc) Importer(815301076,1909f56bfc062723c751e8b465ee728b) [PhysX] Initialized MultithreadedTaskDispatcher with 16 workers.
[PhysX] Initialized MultithreadedTaskDispatcher with 16 workers.
 -> (artifact id: '039d948f926e08588955ca71a74a2bac') in 0.019192 seconds
Number of updated asset objects reloaded before import = 0
Number of asset objects unloaded after import = 2
========================================================================
Received Import Request.
  Time since last request: 0.000062 seconds.
  path: Assets/Trees/Trees/Trees.fbx
  artifactKey: Guid(cde68a31f92706b4d8ad5053e82beac7) Importer(815301076,1909f56bfc062723c751e8b465ee728b)
Start importing Assets/Trees/Trees/Trees.fbx using Guid(cde68a31f92706b4d8ad5053e82beac7) Importer(815301076,1909f56bfc062723c751e8b465ee728b) [PhysX] Initialized MultithreadedTaskDispatcher with 16 workers.
[PhysX] Initialized MultithreadedTaskDispatcher with 16 workers.
[PhysX] Initialized MultithreadedTaskDispatcher with 16 workers.
[PhysX] Initialized MultithreadedTaskDispatcher with 16 workers.
[PhysX] Initialized MultithreadedTaskDispatcher with 16 workers.
[PhysX] Initialized MultithreadedTaskDispatcher with 16 workers.
[PhysX] Initialized MultithreadedTaskDispatcher with 16 workers.
[PhysX] Initialized MultithreadedTaskDispatcher with 16 workers.
[PhysX] Initialized MultithreadedTaskDispatcher with 16 workers.
[PhysX] Initialized MultithreadedTaskDispatcher with 16 workers.
[PhysX] Initialized MultithreadedTaskDispatcher with 16 workers.
[PhysX] Initialized MultithreadedTaskDispatcher with 16 workers.
[PhysX] Initialized MultithreadedTaskDispatcher with 16 workers.
[PhysX] Initialized MultithreadedTaskDispatcher with 16 workers.
[PhysX] Initialized MultithreadedTaskDispatcher with 16 workers.
[PhysX] Initialized MultithreadedTaskDispatcher with 16 workers.
[PhysX] Initialized MultithreadedTaskDispatcher with 16 workers.
[PhysX] Initialized MultithreadedTaskDispatcher with 16 workers.
[PhysX] Initialized MultithreadedTaskDispatcher with 16 workers.
[PhysX] Initialized MultithreadedTaskDispatcher with 16 workers.
[PhysX] Initialized MultithreadedTaskDispatcher with 16 workers.
[PhysX] Initialized MultithreadedTaskDispatcher with 16 workers.
[PhysX] Initialized MultithreadedTaskDispatcher with 16 workers.
[PhysX] Initialized MultithreadedTaskDispatcher with 16 workers.
[PhysX] Initialized MultithreadedTaskDispatcher with 16 workers.
[PhysX] Initialized MultithreadedTaskDispatcher with 16 workers.
[PhysX] Initialized MultithreadedTaskDispatcher with 16 workers.
[PhysX] Initialized MultithreadedTaskDispatcher with 16 workers.
[PhysX] Initialized MultithreadedTaskDispatcher with 16 workers.
[PhysX] Initialized MultithreadedTaskDispatcher with 16 workers.
[PhysX] Initialized MultithreadedTaskDispatcher with 16 workers.
[PhysX] Initialized MultithreadedTaskDispatcher with 16 workers.
 -> (artifact id: 'a71beeda410d119de53a212933714fd0') in 2.350054 seconds
Number of updated asset objects reloaded before import = 0
Number of asset objects unloaded after import = 92
========================================================================
Received Import Request.
  Time since last request: 728.582493 seconds.
  path: Assets/Trees.prefab
  artifactKey: Guid(8ab21814c1dde094b81ee52469df232d) Importer(815301076,1909f56bfc062723c751e8b465ee728b)
Start importing Assets/Trees.prefab using Guid(8ab21814c1dde094b81ee52469df232d) Importer(815301076,1909f56bfc062723c751e8b465ee728b) [PhysX] Initialized MultithreadedTaskDispatcher with 16 workers.
 -> (artifact id: 'd87bc1bf057993c8a755e047e72157bb') in 0.001636 seconds
Number of updated asset objects reloaded before import = 0
Number of asset objects unloaded after import = 1
========================================================================
Received Import Request.
  Time since last request: 70.858797 seconds.
  path: Assets/World Trees/ExtraPrefab/Mat_Ground.prefab
  artifactKey: Guid(75dc8ac487cfeb54a95c1b62b97150fb) Importer(815301076,1909f56bfc062723c751e8b465ee728b)
Start importing Assets/World Trees/ExtraPrefab/Mat_Ground.prefab using Guid(75dc8ac487cfeb54a95c1b62b97150fb) Importer(815301076,1909f56bfc062723c751e8b465ee728b) [PhysX] Initialized MultithreadedTaskDispatcher with 16 workers.
[PhysX] Initialized MultithreadedTaskDispatcher with 16 workers.
 -> (artifact id: 'af6d92ca30f79a12e0e8a96ec8d9c321') in 0.029361 seconds
Number of updated asset objects reloaded before import = 0
Number of asset objects unloaded after import = 10
========================================================================
Received Import Request.
  Time since last request: 4.740035 seconds.
  path: Assets/World Trees/Northern Woodland/Aspen/HealthySmall/M_Aspen_HealthySmall_Bark.mat
  artifactKey: Guid(b09213454c4a7a2b167415669e0e8a50) Importer(815301076,1909f56bfc062723c751e8b465ee728b)
Start importing Assets/World Trees/Northern Woodland/Aspen/HealthySmall/M_Aspen_HealthySmall_Bark.mat using Guid(b09213454c4a7a2b167415669e0e8a50) Importer(815301076,1909f56bfc062723c751e8b465ee728b) [PhysX] Initialized MultithreadedTaskDispatcher with 16 workers.
[PhysX] Initialized MultithreadedTaskDispatcher with 16 workers.
 -> (artifact id: '5fe0d1e0e0c63d99275fe745c247f516') in 0.949121 seconds
Number of updated asset objects reloaded before import = 0
Number of asset objects unloaded after import = 5
========================================================================
Received Import Request.
  Time since last request: 0.000032 seconds.
  path: Assets/World Trees/Northern Woodland/Aspen/HealthySmall/M_Aspen_HealthySmall_Leaf.mat
  artifactKey: Guid(c97ae54a7bfb1a2415b7e20b4dcc753d) Importer(815301076,1909f56bfc062723c751e8b465ee728b)
Start importing Assets/World Trees/Northern Woodland/Aspen/HealthySmall/M_Aspen_HealthySmall_Leaf.mat using Guid(c97ae54a7bfb1a2415b7e20b4dcc753d) Importer(815301076,1909f56bfc062723c751e8b465ee728b) [PhysX] Initialized MultithreadedTaskDispatcher with 16 workers.
[PhysX] Initialized MultithreadedTaskDispatcher with 16 workers.
 -> (artifact id: '9cd761cff0a21c919fd73605242e84b8') in 0.934247 seconds
Number of updated asset objects reloaded before import = 0
Number of asset objects unloaded after import = 4
========================================================================
Received Import Request.
  Time since last request: 0.000040 seconds.
  path: Assets/World Trees/Northern Woodland/Aspen/HealthySmall/T_Aspen_HealthySmall_Leaf_Height.png
  artifactKey: Guid(006652f56239a222a27c84f033ed1f5c) Importer(815301076,1909f56bfc062723c751e8b465ee728b)
Start importing Assets/World Trees/Northern Woodland/Aspen/HealthySmall/T_Aspen_HealthySmall_Leaf_Height.png using Guid(006652f56239a222a27c84f033ed1f5c) Importer(815301076,1909f56bfc062723c751e8b465ee728b) [PhysX] Initialized MultithreadedTaskDispatcher with 16 workers.
[PhysX] Initialized MultithreadedTaskDispatcher with 16 workers.
 -> (artifact id: 'e0528106b64f3cb80e45159ff38d04df') in 0.021708 seconds
Number of updated asset objects reloaded before import = 0
Number of asset objects unloaded after import = 2
========================================================================
Received Import Request.
  Time since last request: 0.000021 seconds.
  path: Assets/World Trees/Northern Woodland/Aspen/HealthySmall/T_Aspen_HealthySmall_Leaf_BaseColor.png
  artifactKey: Guid(dcf8220b3492683f47fe46e254196835) Importer(815301076,1909f56bfc062723c751e8b465ee728b)
Start importing Assets/World Trees/Northern Woodland/Aspen/HealthySmall/T_Aspen_HealthySmall_Leaf_BaseColor.png using Guid(dcf8220b3492683f47fe46e254196835) Importer(815301076,1909f56bfc062723c751e8b465ee728b) [PhysX] Initialized MultithreadedTaskDispatcher with 16 workers.
[PhysX] Initialized MultithreadedTaskDispatcher with 16 workers.
 -> (artifact id: 'd7ac6455633939dc2563e894596de90a') in 0.022381 seconds
Number of updated asset objects reloaded before import = 0
Number of asset objects unloaded after import = 2
========================================================================
Received Import Request.
  Time since last request: 0.000049 seconds.
  path: Assets/World Trees/Northern Woodland/Aspen/HealthySmall/T_Aspen_HealthySmall_Bark_BaseColor.png
  artifactKey: Guid(4339f05d474e34d34e0ade3198c4b13d) Importer(815301076,1909f56bfc062723c751e8b465ee728b)
Start importing Assets/World Trees/Northern Woodland/Aspen/HealthySmall/T_Aspen_HealthySmall_Bark_BaseColor.png using Guid(4339f05d474e34d34e0ade3198c4b13d) Importer(815301076,1909f56bfc062723c751e8b465ee728b) [PhysX] Initialized MultithreadedTaskDispatcher with 16 workers.
[PhysX] Initialized MultithreadedTaskDispatcher with 16 workers.
 -> (artifact id: 'e7d0411fddb577c9d1c4a3419702332a') in 0.021175 seconds
Number of updated asset objects reloaded before import = 0
Number of asset objects unloaded after import = 2
========================================================================
Received Import Request.
  Time since last request: 0.000025 seconds.
  path: Assets/World Trees/Northern Woodland/Aspen/HealthySmall/T_Aspen_HealthySmall_Bark_MetallicSmoothness.png
  artifactKey: Guid(29554b5fc3993a04f2a5a6e97a06ef7e) Importer(815301076,1909f56bfc062723c751e8b465ee728b)
Start importing Assets/World Trees/Northern Woodland/Aspen/HealthySmall/T_Aspen_HealthySmall_Bark_MetallicSmoothness.png using Guid(29554b5fc3993a04f2a5a6e97a06ef7e) Importer(815301076,1909f56bfc062723c751e8b465ee728b) [PhysX] Initialized MultithreadedTaskDispatcher with 16 workers.
[PhysX] Initialized MultithreadedTaskDispatcher with 16 workers.
 -> (artifact id: 'dca336e5cf1bec3ba411900999951215') in 0.021160 seconds
Number of updated asset objects reloaded before import = 0
Number of asset objects unloaded after import = 2
========================================================================
Received Import Request.
  Time since last request: 0.000026 seconds.
  path: Assets/World Trees/Northern Woodland/Aspen/HealthySmall/T_Aspen_HealthySmall_Bark_Height.png
  artifactKey: Guid(53dd7d4ac9008df81ad30ebeff37a6aa) Importer(815301076,1909f56bfc062723c751e8b465ee728b)
Start importing Assets/World Trees/Northern Woodland/Aspen/HealthySmall/T_Aspen_HealthySmall_Bark_Height.png using Guid(53dd7d4ac9008df81ad30ebeff37a6aa) Importer(815301076,1909f56bfc062723c751e8b465ee728b) [PhysX] Initialized MultithreadedTaskDispatcher with 16 workers.
[PhysX] Initialized MultithreadedTaskDispatcher with 16 workers.
 -> (artifact id: 'ac4fa2a01907cf5e931050a651520c6f') in 0.021249 seconds
Number of updated asset objects reloaded before import = 0
Number of asset objects unloaded after import = 2
========================================================================
Received Import Request.
  Time since last request: 0.000029 seconds.
  path: Assets/World Trees/Northern Woodland/Aspen/HealthySmall/T_Aspen_HealthySmall_Leaf_Normal.png
  artifactKey: Guid(3b88b66ea08dd887cbdc3a518da15818) Importer(815301076,1909f56bfc062723c751e8b465ee728b)
Start importing Assets/World Trees/Northern Woodland/Aspen/HealthySmall/T_Aspen_HealthySmall_Leaf_Normal.png using Guid(3b88b66ea08dd887cbdc3a518da15818) Importer(815301076,1909f56bfc062723c751e8b465ee728b) [PhysX] Initialized MultithreadedTaskDispatcher with 16 workers.
[PhysX] Initialized MultithreadedTaskDispatcher with 16 workers.
 -> (artifact id: 'd0ac6ba69cf03be046874af0f8fb6998') in 0.028212 seconds
Number of updated asset objects reloaded before import = 0
Number of asset objects unloaded after import = 2
========================================================================
Received Import Request.
  Time since last request: 11.492414 seconds.
  path: Assets/World Trees/Northern Woodland/Prefabs/Aspen_HealthySmall.prefab
  artifactKey: Guid(7e6ec650108c9d94d97c0943b872129d) Importer(815301076,1909f56bfc062723c751e8b465ee728b)
Start importing Assets/World Trees/Northern Woodland/Prefabs/Aspen_HealthySmall.prefab using Guid(7e6ec650108c9d94d97c0943b872129d) Importer(815301076,1909f56bfc062723c751e8b465ee728b) [PhysX] Initialized MultithreadedTaskDispatcher with 16 workers.
[PhysX] Initialized MultithreadedTaskDispatcher with 16 workers.
 -> (artifact id: '3cd5ec5ab73a09e8813473791e02d002') in 0.059438 seconds
Number of updated asset objects reloaded before import = 0
Number of asset objects unloaded after import = 15
========================================================================
Received Import Request.
  Time since last request: 0.000028 seconds.
  path: Assets/World Trees/Northern Woodland/Prefabs/Birch_SunbleachedSmall.prefab
  artifactKey: Guid(c8d4fcd6416d8fd4d819330e4b828ea3) Importer(815301076,1909f56bfc062723c751e8b465ee728b)
Start importing Assets/World Trees/Northern Woodland/Prefabs/Birch_SunbleachedSmall.prefab using Guid(c8d4fcd6416d8fd4d819330e4b828ea3) Importer(815301076,1909f56bfc062723c751e8b465ee728b) [PhysX] Initialized MultithreadedTaskDispatcher with 16 workers.
[PhysX] Initialized MultithreadedTaskDispatcher with 16 workers.
 -> (artifact id: 'eeca282e683cc2fe106c0ecc60e99297') in 0.033284 seconds
Number of updated asset objects reloaded before import = 0
Number of asset objects unloaded after import = 15
========================================================================
Received Import Request.
  Time since last request: 0.000029 seconds.
  path: Assets/World Trees/Northern Woodland/Hazel/WeatheredSmall/Hazel_WeatheredSmall.fbx
  artifactKey: Guid(70911658cb4b69fb32a904a3fb0139c2) Importer(815301076,1909f56bfc062723c751e8b465ee728b)
Start importing Assets/World Trees/Northern Woodland/Hazel/WeatheredSmall/Hazel_WeatheredSmall.fbx using Guid(70911658cb4b69fb32a904a3fb0139c2) Importer(815301076,1909f56bfc062723c751e8b465ee728b) [PhysX] Initialized MultithreadedTaskDispatcher with 16 workers.
[PhysX] Initialized MultithreadedTaskDispatcher with 16 workers.
[PhysX] Initialized MultithreadedTaskDispatcher with 16 workers.
 -> (artifact id: '9d8281aa20bf54ca67c2395a063e3078') in 0.035431 seconds
Number of updated asset objects reloaded before import = 0
Number of asset objects unloaded after import = 15
========================================================================
Received Import Request.
  Time since last request: 0.000025 seconds.
  path: Assets/World Trees/Northern Woodland/Birch/WeatheredLarge/Birch_WeatheredLarge.fbx
  artifactKey: Guid(6b483fa48564d4ed9a0716bd4c92973e) Importer(815301076,1909f56bfc062723c751e8b465ee728b)
Start importing Assets/World Trees/Northern Woodland/Birch/WeatheredLarge/Birch_WeatheredLarge.fbx using Guid(6b483fa48564d4ed9a0716bd4c92973e) Importer(815301076,1909f56bfc062723c751e8b465ee728b) [PhysX] Initialized MultithreadedTaskDispatcher with 16 workers.
[PhysX] Initialized MultithreadedTaskDispatcher with 16 workers.
[PhysX] Initialized MultithreadedTaskDispatcher with 16 workers.
 -> (artifact id: '34613ed34693ef98f49d56022da1010c') in 0.034684 seconds
Number of updated asset objects reloaded before import = 0
Number of asset objects unloaded after import = 15
========================================================================
Received Import Request.
  Time since last request: 0.000023 seconds.
  path: Assets/World Trees/Northern Woodland/Aspen/SunbleachedLarge/Aspen_SunbleachedLarge.fbx
  artifactKey: Guid(3c87ccff5015040839096ad5e54cd370) Importer(815301076,1909f56bfc062723c751e8b465ee728b)
Start importing Assets/World Trees/Northern Woodland/Aspen/SunbleachedLarge/Aspen_SunbleachedLarge.fbx using Guid(3c87ccff5015040839096ad5e54cd370) Importer(815301076,1909f56bfc062723c751e8b465ee728b) [PhysX] Initialized MultithreadedTaskDispatcher with 16 workers.
[PhysX] Initialized MultithreadedTaskDispatcher with 16 workers.
[PhysX] Initialized MultithreadedTaskDispatcher with 16 workers.
 -> (artifact id: '360081c068db9aaf093777ab3528f27e') in 0.034671 seconds
Number of updated asset objects reloaded before import = 0
Number of asset objects unloaded after import = 15
========================================================================
Received Import Request.
  Time since last request: 0.000025 seconds.
  path: Assets/World Trees/Northern Woodland/Prefabs/Birch_HealthyLarge.prefab
  artifactKey: Guid(882a31d4eb246df4faa342e8eb3b1247) Importer(815301076,1909f56bfc062723c751e8b465ee728b)
Start importing Assets/World Trees/Northern Woodland/Prefabs/Birch_HealthyLarge.prefab using Guid(882a31d4eb246df4faa342e8eb3b1247) Importer(815301076,1909f56bfc062723c751e8b465ee728b) [PhysX] Initialized MultithreadedTaskDispatcher with 16 workers.
[PhysX] Initialized MultithreadedTaskDispatcher with 16 workers.
 -> (artifact id: '98c95a974ecbb9fa7e72eb140f293f03') in 0.036695 seconds
Number of updated asset objects reloaded before import = 0
Number of asset objects unloaded after import = 15
========================================================================
Received Import Request.
  Time since last request: 0.000031 seconds.
  path: Assets/World Trees/Northern Woodland/Prefabs/Elm_WeatheredLarge.prefab
  artifactKey: Guid(f11b26975dd1d2045bc42ead7fef6bce) Importer(815301076,1909f56bfc062723c751e8b465ee728b)
Start importing Assets/World Trees/Northern Woodland/Prefabs/Elm_WeatheredLarge.prefab using Guid(f11b26975dd1d2045bc42ead7fef6bce) Importer(815301076,1909f56bfc062723c751e8b465ee728b) [PhysX] Initialized MultithreadedTaskDispatcher with 16 workers.
[PhysX] Initialized MultithreadedTaskDispatcher with 16 workers.
 -> (artifact id: 'b4b07f18ae8f2a6b08f203c0ba255fb8') in 0.034431 seconds
Number of updated asset objects reloaded before import = 0
Number of asset objects unloaded after import = 15
========================================================================
Received Import Request.
  Time since last request: 0.000028 seconds.
  path: Assets/World Trees/Northern Woodland/Prefabs/Hazel_HealthyLarge.prefab
  artifactKey: Guid(70c267f99c0278640968ed83de3bb0b8) Importer(815301076,1909f56bfc062723c751e8b465ee728b)
Start importing Assets/World Trees/Northern Woodland/Prefabs/Hazel_HealthyLarge.prefab using Guid(70c267f99c0278640968ed83de3bb0b8) Importer(815301076,1909f56bfc062723c751e8b465ee728b) [PhysX] Initialized MultithreadedTaskDispatcher with 16 workers.
[PhysX] Initialized MultithreadedTaskDispatcher with 16 workers.
 -> (artifact id: 'da13dd6888c38e7fe122debbe0307952') in 0.031107 seconds
Number of updated asset objects reloaded before import = 0
Number of asset objects unloaded after import = 15
========================================================================
Received Import Request.
  Time since last request: 0.000034 seconds.
  path: Assets/World Trees/Northern Woodland/Hazel/HealthyLarge/Hazel_HealthyLarge.fbx
  artifactKey: Guid(2a665a8fb9c114d3a97f890c9210a88f) Importer(815301076,1909f56bfc062723c751e8b465ee728b)
Start importing Assets/World Trees/Northern Woodland/Hazel/HealthyLarge/Hazel_HealthyLarge.fbx using Guid(2a665a8fb9c114d3a97f890c9210a88f) Importer(815301076,1909f56bfc062723c751e8b465ee728b) [PhysX] Initialized MultithreadedTaskDispatcher with 16 workers.
[PhysX] Initialized MultithreadedTaskDispatcher with 16 workers.
[PhysX] Initialized MultithreadedTaskDispatcher with 16 workers.
 -> (artifact id: '7d1dd4cf967a5e04b2be2e5efe68fae8') in 0.040352 seconds
Number of updated asset objects reloaded before import = 0
Number of asset objects unloaded after import = 15
========================================================================
Received Import Request.
  Time since last request: 0.000022 seconds.
  path: Assets/World Trees/Northern Woodland/Prefabs/Birch_WeatheredLarge.prefab
  artifactKey: Guid(35339edc264997e4b8e4338e912c3ca2) Importer(815301076,1909f56bfc062723c751e8b465ee728b)
Start importing Assets/World Trees/Northern Woodland/Prefabs/Birch_WeatheredLarge.prefab using Guid(35339edc264997e4b8e4338e912c3ca2) Importer(815301076,1909f56bfc062723c751e8b465ee728b) [PhysX] Initialized MultithreadedTaskDispatcher with 16 workers.
[PhysX] Initialized MultithreadedTaskDispatcher with 16 workers.
 -> (artifact id: 'ffc4a62fc57913801e7931f819588315') in 0.032352 seconds
Number of updated asset objects reloaded before import = 0
Number of asset objects unloaded after import = 15
========================================================================
Received Import Request.
  Time since last request: 0.000024 seconds.
  path: Assets/World Trees/Northern Woodland/Hazel/LushLarge/Hazel_LushLarge.fbx
  artifactKey: Guid(39ae346ef5b4bb37f41be969e126e4b8) Importer(815301076,1909f56bfc062723c751e8b465ee728b)
Start importing Assets/World Trees/Northern Woodland/Hazel/LushLarge/Hazel_LushLarge.fbx using Guid(39ae346ef5b4bb37f41be969e126e4b8) Importer(815301076,1909f56bfc062723c751e8b465ee728b) [PhysX] Initialized MultithreadedTaskDispatcher with 16 workers.
[PhysX] Initialized MultithreadedTaskDispatcher with 16 workers.
[PhysX] Initialized MultithreadedTaskDispatcher with 16 workers.
 -> (artifact id: 'e89c981e571c081969a982edd2ff3b2c') in 0.042758 seconds
Number of updated asset objects reloaded before import = 0
Number of asset objects unloaded after import = 15
========================================================================
Received Import Request.
  Time since last request: 0.000025 seconds.
  path: Assets/World Trees/Northern Woodland/Prefabs/Elm_HealthyLarge.prefab
  artifactKey: Guid(fdd3c96d34727f048991bbafd99fa268) Importer(815301076,1909f56bfc062723c751e8b465ee728b)
Start importing Assets/World Trees/Northern Woodland/Prefabs/Elm_HealthyLarge.prefab using Guid(fdd3c96d34727f048991bbafd99fa268) Importer(815301076,1909f56bfc062723c751e8b465ee728b) [PhysX] Initialized MultithreadedTaskDispatcher with 16 workers.
[PhysX] Initialized MultithreadedTaskDispatcher with 16 workers.
 -> (artifact id: '62818686c8ac2c3a985b1e6ec8bb436c') in 0.037681 seconds
Number of updated asset objects reloaded before import = 0
Number of asset objects unloaded after import = 15
========================================================================
Received Import Request.
  Time since last request: 0.000027 seconds.
  path: Assets/World Trees/Northern Woodland/Aspen/WeatheredSmall/Aspen_WeatheredSmall.fbx
  artifactKey: Guid(61065b05d90082fe59c90fa338fdde9a) Importer(815301076,1909f56bfc062723c751e8b465ee728b)
Start importing Assets/World Trees/Northern Woodland/Aspen/WeatheredSmall/Aspen_WeatheredSmall.fbx using Guid(61065b05d90082fe59c90fa338fdde9a) Importer(815301076,1909f56bfc062723c751e8b465ee728b) [PhysX] Initialized MultithreadedTaskDispatcher with 16 workers.
[PhysX] Initialized MultithreadedTaskDispatcher with 16 workers.
[PhysX] Initialized MultithreadedTaskDispatcher with 16 workers.
 -> (artifact id: 'bcac59fe6df51f97429b174a60cd8e5f') in 0.038327 seconds
Number of updated asset objects reloaded before import = 0
Number of asset objects unloaded after import = 15
========================================================================
Received Import Request.
  Time since last request: 0.000030 seconds.
  path: Assets/World Trees/Northern Woodland/Elm/LushSmall/Elm_LushSmall.fbx
  artifactKey: Guid(5fc138189e2727b18b419fc83b1d9d49) Importer(815301076,1909f56bfc062723c751e8b465ee728b)
Start importing Assets/World Trees/Northern Woodland/Elm/LushSmall/Elm_LushSmall.fbx using Guid(5fc138189e2727b18b419fc83b1d9d49) Importer(815301076,1909f56bfc062723c751e8b465ee728b) [PhysX] Initialized MultithreadedTaskDispatcher with 16 workers.
[PhysX] Initialized MultithreadedTaskDispatcher with 16 workers.
[PhysX] Initialized MultithreadedTaskDispatcher with 16 workers.
 -> (artifact id: '16fd415d13f04cde0a44211736c68b67') in 0.041100 seconds
Number of updated asset objects reloaded before import = 0
Number of asset objects unloaded after import = 15
Editor requested this worker to shutdown with reason: Scaling down because of idle timeout
TcpMessagingSession - receive error: operation aborted. errorcode: 995, details: The I/O operation has been aborted because of either a thread exit or an application request.
AssetImportWorker is now disconnected from the server
Process exiting
Exiting without the bug reporter. Application will terminate with return code 0